// Jest Snapshot v1, https://goo.gl/fbAQLP

exports[`renders the Card UI as expected 1`] = `
<div
  className="Card"
>
  <button
    type="button"
  >
    delete
  </button>
  <h3>
    title
  </h3>
  <p>
    item.content
  </p>
</div>
`;
